// Jest Snapshot v1, https://goo.gl/fbAQLP

exports[`renders correctly 1`] = `
<View
  style={
    Object {
      "backgroundColor": "#f0f0f0",
      "flex": 1,
      "width": "100%",
    }
  }
>
  <View
    onLayout={[Function]}
    style={
      Array [
        Object {
          "alignItems": "center",
          "alignSelf": "center",
          "backgroundColor": "#f0f0f0",
          "flex": 2,
          "justifyContent": "center",
          "maxWidth": 340,
          "padding": 20,
          "width": "100%",
        },
        Object {
          "paddingBottom": 0,
        },
      ]
    }
  />
</View>
`;
